[Map]
author=Jon Manning
warn=yes

[Continents]
Morningside Heights=1
Harlem=1
Upper West Side=2
Upper East Side=2
Central Park=5
Midtown=6
Chelsea=1
Gramercy=1
Greenwich Village=3
East Village=3
Soho=1
Little Italy=1
Tribeca=1
Chinatown=2
Lower Manhattan=2
New Jersey=1
Brooklyn=1
Queens=2
East River Islands=2

[Territories]

MORA,Morningside Heights,MORB,MORD,HARA,HARB,UPWC
MORB,Morningside Heights,MORA,MORC,MORD,UPWB
MORC,Morningside Heights,MORB,MORD,UPWA
MORD,Morningside Heights,MORA,MORB,MORC

HARA,Harlem,HARB,HARH,MORA,CENA,CENB
HARB,Harlem,HARA,HARC,HARH,HARD,MORA
HARC,Harlem,HARB,HARD
HARD,Harlem,HARB,HARC,HARE,HARG,HARH
HARE,Harlem,HARD,HARG,EARA
HARF,Harlem,HARG,UPEB
HARG,Harlem,HARD,HARE,HARF,HARH,UPEB
HARH,Harlem,HARA,HARB,HARD,HARG,UPEA,CENB

UPWA,Upper West Side,UPWB,UPWE,UPWF,MORC,MIDA
UPWB,Upper West Side,UPWA,UPWC,UPWD,UPWE,MORB
UPWC,Upper West Side,UPWB,UPWD,CENA,MORA
UPWD,Upper West Side,UPWB,UPWC,UPWG,UPWE,UPWF,CENA,CENI
UPWE,Upper West Side,UPWA,UPWB,UPWD,UPWF
UPWF,Upper West Side,UPWA,UPWE,UPWD,UPWG,MIDA,MIDB
UPWG,Upper West Side,UPWF,UPWD,CENI,CENH,MIDB

UPEA,Upper East Side,UPEB,UPED,UPEC,CENB,HARH
UPEB,Upper East Side,UPEA,UPED,HARF,HARG
UPEC,Upper East Side,UPEA,UPED,UPEE,CENB,CENC
UPED,Upper East Side,UPEA,UPEB,UPEC,UPEE,UPEF
UPEE,Upper East Side,UPEC,UPED,UPEF,CENC,MIDO
UPEF,Upper East Side,UPEE,UPED,MIDO,MIDN

CENA,Central Park,CENB,CENI,CENJ,HARA,UPWC,UPWD
CENB,Central Park,CENA,CENC,CENJ,HARA,HARH,UPEA,UPEC
CENC,Central Park,CENB,CEND,CENJ,UPEC,UPEE
CEND,Central Park,CENC,CENE,CENJ,CENK,MIDO
CENE,Central Park,CEND,CENF,CENK,MIDK
CENF,Central Park,CENE,CENG,CENK,MIDK
CENG,Central Park,CENF,CENH,CENK,MIDK,MIDC
CENH,Central Park,CENG,CENK,CENJ,CENI,MIDB,MIDC,UPWG
CENI,Central Park,CENA,CENJ,CENH,UPWD,UPWG
CENJ,Central Park,CENA,CENB,CENC,CEND,CENK,CENH,CENI
CENK,Central Park,CENJ,CEND,CENE,CENF,CENG,CENH

MIDA,Midtown,MIDB,MIDD,UPWA,UPWF
MIDB,Midtown,MIDA,MIDC,UPWF,UPWG,CENH
MIDC,Midtown,MIDB,MIDD,CENG,CENH
MIDD,Midtown,MIDA,MIDC,MIDF,MIDE
MIDE,Midtown,MIDD,MIDF,MIDG,CHEA,NEWA
MIDF,Midtown,MIDE,MIDD,MIDK,MIDH,MIDG
MIDG,Midtown,MIDE,MIDF,MIDH,CHEA,CHEB
MIDH,Midtown,MIDG,MIDF,MIDI,CHEB,CHEC
MIDI,Midtown,MIDH,MIDK,MIDJ,GRAA
MIDJ,Midtown,MIDI,MIDK,MIDL,GRAB,GRAC,QUEA
MIDK,Midtown,MIDF,MIDI,MIDJ,MIDL,MIDM,MIDO,CENE,CENF,CENG
MIDL,Midtown,MIDJ,MIDK,MIDM
MIDM,Midtown,MIDL,MIDK,MIDO,MIDN,EARE
MIDN,Midtown,MIDM,MIDO,UPEF
MIDO,Midtown,MIDN,MIDM,MIDK,CEND,UPEE,UPEF

CHEA,Chelsea,CHEB,CHEE,MIDE,MIDG
CHEB,Chelsea,CHEA,CHEC,CHED,CHEE,MIDG,MIDH
CHEC,Chelsea,CHEB,CHED,MIDH,GRAA
CHED,Chelsea,CHEE,CHEB,CHEC,GRAE,GREA,GREB
CHEE,Chelsea,CHEA,CHEB,CHED,GREC

GRAA,Gramercy,GRAB,GRAE,MIDI,CHEC
GRAB,Gramercy,GRAA,GRAC,GRAE,MIDJ
GRAC,Gramercy,GRAB,GRAD,GRAE,MIDJ
GRAD,Gramercy,GRAC,GRAE,EAVA,EAVB
GRAE,Gramercy,GRAA,GRAB,GRAC,GRAD,EAVA,GREA,CHED

GREA,Greenwich Village,GREB,GRED,GREF,CHED,EAVA,GRAE
GREB,Greenwich Village,GREA,GRED,GREC,CHED
GREC,Greenwich Village,GREB,GRED,CHEE
GRED,Greenwich Village,GREC,GREB,GREA,GREF,GREE,SOHB
GREE,Greenwich Village,GRED,SOHB,TRIA,TRIB,NEWD
GREF,Greenwich Village,GREA,GRED,SOHB,SOHA,EAVE

EAVA,East Village,EAVB,EAVE,GREA,GRAE,GRAD
EAVB,East Village,EAVA,EAVE,EAVC,GRAD
EAVC,East Village,EAVB,EAVE,EAVD,BROD
EAVD,East Village,EAVC,EAVE,LITA,CHIB,CHIC,BROA
EAVE,East Village,EAVA,EAVB,EAVC,EAVD,LITA,LITB,GREF,SOHA

SOHA,Soho,SOHB,LITB,GREF,EAVE,CHIA,TRIB
SOHB,Soho,SOHA,GREF,GRED,GREE,TRIB

LITA,Little Italy,LITB,EAVE,EAVD
LITB,Little Italy,LITA,EAVE,CHIB,CHIA,SOHA

TRIA,Tribeca,TRIB,TRIC,GREE
TRIB,Tribeca,TRIA,TRIC,GREE,SOHB,SOHA,CHIA,LOWA
TRIC,Tribeca,TRIA,TRIB,LOWA

CHIA,Chinatown,CHIB,CHIC,SOHA,LITB,TRIB,LOWB
CHIB,Chinatown,CHIA,CHIC,LITB,EAVD
CHIC,Chinatown,CHIA,CHIB,EAVD,LOWB,LOWC,BROA

LOWA,Lower Manhattan,LOWB,LOWD,LOWE,TRIB,TRIC
LOWB,Lower Manhattan,LOWA,LOWC,LOWD,CHIA,CHIC
LOWC,Lower Manhattan,LOWB,LOWD,LOWE,CHIC
LOWD,Lower Manhattan,LOWB,LOWC,LOWE,LOWA
LOWE,Lower Manhattan,LOWA,LOWD,LOWC

NEWA,New Jersey,NEWB,MIDE
NEWB,New Jersey,NEWA,NEWD,NEWC
NEWC,New Jersey,NEWB,NEWD,NEWE,NEWF
NEWD,New Jersey,NEWB,NEWC,NEWE,GREE
NEWE,New Jersey,NEWD,NEWC,NEWF
NEWF,New Jersey,NEWC,NEWE

BROA,Brooklyn,BROB,BROC,CHIC,EAVD
BROB,Brooklyn,BROA,BROC
BROC,Brooklyn,BROA,BROB,BROD
BROD,Brooklyn,BROC,BROE,EAVC
BROE,Brooklyn,BROD,BROF
BROF,Brooklyn,BROE,QUEC

QUEA,Queens,QUEB,QUEC,MIDJ
QUEB,Queens,QUEA,QUEC,QUED,EARE
QUEC,Queens,QUEA,QUEB,QUED,QUEE,BROF
QUED,Queens,QUEB,QUEC,QUEE,QUEF,EARE
QUEE,Queens,QUEC,QUED,QUEF
QUEF,Queens,QUED,QUEE,QUEH,QUEG,EARD
QUEG,Queens,QUEF,QUEH,QUEI
QUEH,Queens,QUEF,QUEG,QUEI,EARC
QUEI,Queens,QUEH,QUEG,EARB

EARA,East River Islands,EARB,EARF,HARE
EARB,East River Islands,EARA,EARF,QUEI
EARC,East River Islands,EARF,EARD,QUEH
EARD,East River Islands,EARC,QUEF
EARE,East River Islands,MIDM,QUED,QUEB
EARF,East River Islands,EARA,EARB,EARC